thunder://QUFodHRwJTNBJTJGJTJGa2trazkuYmIxNDkuY29tJTJGdm9kX3dhdGVyJTJGcDEzNDcubXA0Wlo=
thunder://QUFodHRwJTNBJTJGJTJGa2trazkuYmIxNDkuY29tJTJGdm9kX3dhdGVyJTJGcDExMjcubXA0Wlo=
thunder://QUFodHRwJTNBJTJGJTJGa2trazkuYmIxNDkuY29tJTJGdm9kX3dhdGVyJTJGcDExNDYubXA0Wlo=
thunder://QUFodHRwJTNBJTJGJTJGa2trazkuYmIxNDkuY29tJTJGdm9kX3dhdGVyJTJGcDExMzYubXA0Wlo=
thunder://QUFodHRwJTNBJTJGJTJGa2trazkuYmIxNDkuY29tJTJGdm9kX3dhdGVyJTJGcDExNDgubXA0Wlo=
thunder://QUFodHRwJTNBJTJGJTJGa2trazkuYmIxNDkuY29tJTJGdm9kX3dhdGVyJTJGcDExNDkubXA0Wlo=
thunder://QUFodHRwJTNBJTJGJTJGa2trazkuYmIxNDkuY29tJTJGdm9kX3dhdGVyJTJGbTIzMDAubXA0Wlo=
thunder://QUFodHRwJTNBJTJGJTJGa2trazkuYmIxNDkuY29tJTJGdm9kX3dhdGVyJTJGbTIyOTkubXA0Wlo=
thunder://QUFodHRwJTNBJTJGJTJGa2trazkuYmIxNDkuY29tJTJGdm9kX3dhdGVyJTJGbTIyNzgubXA0Wlo=
thunder://QUFodHRwJTNBJTJGJTJGa2trazkuYmIxNDkuY29tJTJGdm9kX3dhdGVyJTJGbTIyNzkubXA0Wlo=
thunder://QUFodHRwJTNBJTJGJTJGa2trazkuYmIxNDkuY29tJTJGdm9kX3dhdGVyJTJGbTIyODEubXA0Wlo=
thunder://QUFodHRwJTNBJTJGJTJGa2trazkuYmIxNDkuY29tJTJGdm9kX3dhdGVyJTJGbTIyODIubXA0Wlo=